// Jest Snapshot v1, https://goo.gl/fbAQLP

exports[`FavoritesList renders correctly 1`] = `
<div>
  <ul>
    <li
      className="list-group-item d-flex justify-content-between align-items-center"
      style={
        Object {
          "backgroundColor": "lightblue",
          "borderRadius": "5px",
        }
      }
    >
      <img
        alt="Album Cover"
        className="mr-3 rounded ms-3"
      />
      <div
        className="content"
        style={
          Object {
            "color": "dimgray",
          }
        }
      >
        <p>
          Album 1
        </p>
        <p>
          Artist 1
        </p>
        <p>
          2022-01-01
        </p>
      </div>
      <button
        className="btn btn-primary btn btn-primary"
        disabled={false}
        onClick={[Function]}
        type="button"
      >
        Remove
      </button>
    </li>
    <li
      className="list-group-item d-flex justify-content-between align-items-center"
      style={
        Object {
          "backgroundColor": "lightblue",
          "borderRadius": "5px",
        }
      }
    >
      <img
        alt="Album Cover"
        className="mr-3 rounded ms-3"
      />
      <div
        className="content"
        style={
          Object {
            "color": "dimgray",
          }
        }
      >
        <p>
          Album 2
        </p>
        <p>
          Artist 2
        </p>
        <p>
          2022-02-01
        </p>
      </div>
      <button
        className="btn btn-primary btn btn-primary"
        disabled={false}
        onClick={[Function]}
        type="button"
      >
        Remove
      </button>
    </li>
  </ul>
</div>
`;
